// Jest Snapshot v1, https://goo.gl/fbAQLP

exports[`<OptForm /> renders the <OptForm /> with populated data 1`] = `
<div
  class="opt-form__Container-sc-1889ofe-0 hLYKsX"
>
  <input
    class="opt-form__Input-sc-1889ofe-1 ggQQuW"
    placeholder="Email address"
  />
  <button
    class="opt-form__Button-sc-1889ofe-3 SwomG"
  >
    Try it now
     
    <img
      alt="Try Now"
      src="/images/icons/chevron-right.png"
    />
  </button>
  <div
    class="opt-form__Break-sc-1889ofe-2 kjDkYL"
  />
  <p
    class="opt-form__Text-sc-1889ofe-4 iHrbMO"
  >
    Ready to watch? Enter your email to create or restart your membership.
  </p>
</div>
`;
